scan completed:
0x0 3446
0x1 48456
0x2 15522
0x4 172428
0x8 110110
0x10 3
