simdist12: V 0.1: initializing simics API simulator
simdist12: warning: unimplemented simics API system/simdist12.C:520
simdist12: warning: unimplemented simics API system/simdist12.C:526
simdist12: warning: unimplemented simics API system/simdist12.C:526
simdist12: warning: unimplemented simics API system/simdist12.C:526
simdist12: warning: unimplemented simics API system/simdist12.C:578
simdist12: warning: unimplemented simics API system/simdist12.C:512
error: unable to register queue interface
hfa_init_local done:
    warning: BRANCHPRED_CONFIDENT_FILE is not set in configuration file.
    warning: BRANCHPRED_FREQUENT_FILE is not set in configuration file.
    warning: BRANCHPRED_HISTORY_FILTER is not set in configuration file.
    warning: BRANCHPRED_IGNORE_FILE is not set in configuration file.
    warning: BRANCHPRED_USE_GLOBAL is not set in configuration file.
    warning: PSEQ_TIME_SKEW is not set in configuration file.
simdist12: warning: unimplemented simics API system/simdist12.C:490
Ln constructor: block size: 64B, 4x assoc, 4096 sets.  1048576B total
Ln constructor: block size: 64B, 1x assoc, 256 sets.  16384B total
Ln constructor: block size: 64B, 1x assoc, 256 sets.  16384B total
system_t(): readInstructionMap found context imap-gzip-tr-0 0
system_t(): readInstructionMap found context imap-gzip-tr-6213 6213
tracefile_t: successfully opened for reading
Initial primary context: 6213
PC 0x21a10 NPC 0x21a14
closing file /p/multifacet/projects/regress/opal_traces/gzip/gzip-tr
closing memop trace file /p/multifacet/projects/regress/opal_traces/gzip/mem-gzip-tr
totals for pid: 0
entry: tag: 0x200009
0x10000480 0xa1530000
0x10000484 0xa0042001
0x10000488 0x99940000
0x1000048c 0xa0100000
0x10000490 0xa2100000
0x10000494 0xa4100000
0x10000498 0xa6100000
0x1000049c 0xa8100000
0x100004a0 0xaa100000
0x100004a4 0xac100000
0x100004a8 0xae100000
0x100004ac 0x90100000
0x100004b0 0x92100000
0x100004b4 0x94100000
0x100004b8 0x96100000
0x100004bc 0x98100000
0x100004c0 0x9a100000
0x100004c4 0x9c100000
0x100004c8 0x9e100000
entry: tag: 0x20001a
0x10000d00 0xc4d80b00
0x10000d04 0xc2d80b20
0x10000d08 0x8730b030
0x10000d0c 0x22c0c00a
0x10000d14 0x8b28e004
0x10000d18 0x82194001
0x10000d1c 0xc8984480
0x10000d20 0x80a08004
0x10000d24 0x12681e57
0x10000d28 0x93fffe0
0x10000d2c 0xcaf00b80
entry: tag: 0x422
0x2117c 0xd20a0010
entry: tag: 0x1fe6e1a
0xff370d28 0xe3be1e00
entry: tag: 0x1fe6e19
0xff370cb8 0xe3be1e00
0xff370cf0 0xe3be1e00
entry: tag: 0x1fe6e0f
0xff3707d4 0x9de3bfa0
Total count: 35. Recorded Stats: 35
totals for pid: 6213
entry: tag: 0x200009
0x100004cc 0x83f00000
entry: tag: 0x20001a
0x10000d30 0x83f00000
entry: tag: 0x423
0x21180 0xc4266000
0x21184 0x840a60ff
0x21188 0xd2062000
0x2118c 0x85288013
0x21190 0xd0066000
0x21194 0xa604e008
0x21198 0x80a4c011
0x2119c 0xa47fff5
0x211a0 0xa4148002
0x211a4 0x840c801c
0x211a8 0x8528a003
0x211ac 0xf0088015
0x211b0 0x80a62010
0x211b4 0x184000a3
0x211b8 0xb2054002
0x211bc 0x80a62010
0x211c0 0xc40e6001
0x211c4 0x11000020
0x211c8 0xa5348002
0x211cc 0x12400011
0x211d0 0xa624c002
0x211d4 0xc4166004
0x211d8 0xc42d001d
0x211dc 0xa8052001
0x211e0 0x80a50008
0x211e4 0x124fffdc
0x211e8 0x80a4c011
entry: tag: 0x422
0x21154 0x1a400014
0x21158 0x5000250
0x2115c 0x70001fd
0x21160 0xd200e04c
0x21164 0xb200a068
0x21168 0xb000e04c
0x2116c 0xd000a068
0x21170 0x80a20009
0x21174 0x1a400145
0x21178 0x84022001
0x2117c 0xd20a0010
entry: tag: 0x425
0x21280 0xd003a070
0x21284 0xc603a078
0x21288 0xc40a2001
0x2128c 0x9134c002
0x21290 0xb220c002
0x21294 0x80a64018
0x21298 0x1a400016
0x2129c 0xd023a074
0x212a0 0x50001fd
0x212a4 0xd400a04c
0x212a8 0x11000250
0x212ac 0x90022068
0x212b0 0xd0022000
0x212b4 0x80a2000a
0x212b8 0x1a40022a
0x212bc 0x84022001
0x212c0 0xd20a0010
0x212c4 0x11000250
0x212c8 0x90022068
0x212cc 0xc4222000
0x212d0 0x840a60ff
0x212d4 0xd003a074
0x212d8 0x85288019
0x212dc 0xb2066008
0x212e0 0x80a64018
0x212e4 0x90120002
0x212e8 0xa47fff0
0x212ec 0xd023a074
0x212f0 0xd003a070
0x212f4 0x872e2001
0x212f8 0xa6264018
0x212fc 0xc803a074
entry: tag: 0x424
0x21210 0x80a6200f
0x21214 0x2400113
0x21218 0x80a4c018
0x2121c 0xa4000ee
0x21220 0x1000000
0x21224 0xc4166004
0x21228 0x1300010a
0x2122c 0x9024c018
0x21230 0x872e2001
0x21234 0x92026000
0x21238 0xc803a060
0x2123c 0xc610c009
0x21240 0xa7348018
0x21244 0xd023a078
0x21248 0x80a20004
0x2124c 0x860c8003
0x21250 0x90008003
0x21254 0xa40005e
0x21258 0xd023a06c
0x2125c 0xd003a064
0x21260 0xc603a068
0x21264 0x840cc008
0x21268 0x8528a003
0x2126c 0xf0088003
0x21270 0x9000c002
0x21274 0x80a62010
0x21278 0x184000a1
0x2127c 0xd023a070
entry: tag: 0x427
0x21380 0x90288003
0x21384 0xa4000aa
0x21388 0xd023a06c
0x2138c 0x9005001d
0x21390 0xa8050019
0x21394 0x40008352
0x21398 0x9206001d
0x2139c 0xb0060019
0x213a0 0x11000020
0x213a4 0xc403a05c
0x213a8 0x80a50008
0x213ac 0x2400175
0x213b0 0x920e0002
0x213b4 0xd003a06c
0x213b8 0x80a22000
0x213bc 0x24fff66
0x213c0 0x80a4c011
0x213c4 0x10bfffda
0x213c8 0xb0100009
0x213cc 0x5000250
0x213d0 0x70001fd
0x213d4 0xd400e04c
0x213d8 0xd000a068
0x213dc 0x80a2000a
0x213e0 0x1a40023d
0x213e4 0x84022001
0x213e8 0xd20a0010
0x213ec 0x11000250
0x213f0 0x90022068
0x213f4 0xc4222000
0x213f8 0x840a60ff
0x213fc 0x130001fd
entry: tag: 0x426
0x21300 0xc4122004
0x21304 0x1100010a
0x21308 0x90022000
0x2130c 0xca03a05c
0x21310 0xc610c008
0x21314 0xa5310018
0x21318 0x84250002
0x2131c 0x86090003
0x21320 0x84208003
0x21324 0x92088005
0x21328 0xb0100009
0x2132c 0x5000020
0x21330 0xd003a06c
0x21334 0x8b326000
0x21338 0x88250009
0x2133c 0x87352000
0x21340 0x86214003
0x21344 0x8b38f020
0x21348 0x86094003
0x2134c 0x86224003
0x21350 0x92100008
0x21354 0x84208003
0x21358 0x80a20002
0x2135c 0x8480004
0x21360 0x80a10009
0x21364 0x92100002
0x21368 0x80a10009
0x2136c 0x8530a000
0x21370 0xb2100009
0x21374 0x84220002
0x21378 0x94100009
0x2137c 0x8738b020
entry: tag: 0x429
0x21480 0x9128a003
0x21484 0xf00a4008
0x21488 0xb2024008
0x2148c 0x80a62010
0x21490 0x284fff4c
0x21494 0x80a62010
0x214a0 0x110001fd
0x214a4 0xc402204c
0x214a8 0x9002204c
0x214ac 0x11000250
0x214b0 0x90022068
0x214b4 0xd0022000
0x214b8 0x80a20002
0x214bc 0x1a40020b
0x214c0 0x84022001
0x214c4 0xd20a0010
0x214c8 0x11000250
0x214cc 0x90022068
0x214d0 0xc4222000
0x214d4 0x840a60ff
0x214d8 0xd003a078
0x214dc 0x85288013
0x214e0 0xa604e008
0x214e4 0xa4148002
0x214e8 0x80a4c008
0x214ec 0x3a4fffdf
0x214f0 0xd003a078
0x214fc 0x80a62063
entry: tag: 0x428
0x21400 0xd003a078
0x21404 0xc603a060
0x21408 0x85288008
0x2140c 0x90022008
0x21410 0xd023a078
0x21414 0x80a20003
0x21418 0x11000250
0x2141c 0xd402604c
0x21420 0x90022068
0x21424 0xa614c002
0x21428 0xd0022000
0x2142c 0x9202604c
0x21430 0x3a4fff8c
0x21434 0xd003a064
0x21440 0x80a62063
0x21444 0x2400285
0x21448 0x90262010
0x2144c 0xc40e6001
0x21450 0xd023a078
0x21454 0xa624c002
0x21458 0x80a4c008
0x2145c 0xa400011
0x21460 0xa5348002
0x21464 0xd003a078
0x21468 0xd2066004
0x2146c 0x852a2001
0x21470 0x1100010a
0x21474 0x90022000
0x21478 0xc4108008
0x2147c 0x840c8002
entry: tag: 0x42b
0x21580 0x90022068
0x21584 0xd0022000
0x21588 0x80a20002
0x2158c 0x1a4001f9
0x21590 0x84022001
0x21594 0xd20a0010
0x21598 0x11000250
0x2159c 0x90022068
0x215a0 0xc4222000
0x215a4 0x840a60ff
0x215a8 0xd003a078
0x215ac 0xd203a074
0x215b0 0x85288008
0x215b4 0x90022008
0x215b8 0xd023a078
0x215bc 0x80a20009
0x215c0 0xa614c002
0x215c4 0x3a4fffdb
0x215c8 0xd003a074
0x215d4 0x110001fd
0x215d8 0xc402204c
0x215dc 0x9002204c
0x215e0 0x11000250
0x215e4 0x90022068
0x215e8 0xd0022000
0x215ec 0x80a20002
0x215f0 0x1a4001db
0x215f4 0x84022001
0x215f8 0xd20a0010
0x215fc 0x11000250
entry: tag: 0x42a
0x21500 0x240027d
0x21504 0x92262010
0x21508 0xd003a070
0x2150c 0xc603a078
0x21510 0xc40a2001
0x21514 0xd223a074
0x21518 0x9020c002
0x2151c 0xd023a078
0x21520 0x80a20009
0x21524 0xa400013
0x21528 0xa734c002
0x2152c 0xd003a074
0x21530 0xc603a070
0x21534 0x852a2001
0x21538 0x1100010a
0x2153c 0x90022000
0x21540 0xd200e004
0x21544 0xc4108008
0x21548 0x840cc002
0x2154c 0x9128a003
0x21550 0xf00a4008
0x21554 0x90024008
0x21558 0xd023a070
0x2155c 0x80a62010
0x21560 0x284fff49
0x21564 0xd003a070
0x21570 0x110001fd
0x21574 0xc402204c
0x21578 0x9002204c
0x2157c 0x11000250
entry: tag: 0x42c
0x21600 0x90022068
0x21604 0xc4222000
0x21608 0x840a60ff
0x2160c 0x85288013
0x21610 0xa604e008
0x21614 0xa4148002
0x21618 0x80a4c018
0x2161c 0x3a4fff03
0x21620 0xc4166004
0x2162c 0x9006001d
0x21630 0x9205001d
0x21634 0xb0062001
0x21638 0xc40a2000
0x2163c 0x90022001
0x21640 0xa8052001
0x21644 0xb2a66001
0x21648 0xc42a6000
0x2164c 0x92026001
0x21650 0x324ffffa
0x21654 0xb0062001
0x21658 0x10bfff53
0x2165c 0x11000020
entry: tag: 0x433
0x21980 0x11000250
0x21984 0x80a52000
0x21988 0xe8222108
0x2198c 0x90022108
0x21990 0x240006f
0x21994 0x92100014
0x21998 0x1100011b
0x2199c 0x90022268
0x219a0 0x96100014
0x219a4 0x80a22000
0x219a8 0x24000ea
0x219ac 0x1500010a
0x219b0 0x1100011b
0x219b4 0x80a26003
0x219b8 0xd202a1e0
0x219bc 0x90022268
0x219c0 0x640001f
0x219c4 0x94100008
0x219c8 0xd80a2000
0x219cc 0x9622e002
0x219d0 0x94022002
0x219d4 0x981a400c
0x219d8 0x980b20ff
0x219dc 0x992b2002
0x219e0 0xd803001b
0x219e4 0x91326008
0x219e8 0xd20abfff
0x219ec 0x901b0008
0x219f0 0x921a0009
0x219f4 0x9622e001
0x219f8 0x920a60ff
0x219fc 0x80a2e000
entry: tag: 0x435
0x21a80 0x1240002b
0x21a84 0xd023a07c
0x21a88 0x1300010a
0x21a8c 0x11000250
0x21a90 0xd4022100
0x21a94 0x11000250
0x21a98 0xc4026030
0x21a9c 0x90022108
0x21aa0 0xd423a070
0x21aa4 0xd0022000
0x21aa8 0x80a0a004
0x21aac 0xd023a078
0x21ab0 0x14400134
0x21ab4 0xd003a070
0x21ab8 0x80a22003
0x21abc 0x1440013a
0x21ac0 0x2d0001fc
0x21ac4 0xd003a070
0x21ac8 0xac05a2d0
0x21acc 0xe803a078
0x21ad0 0x8405a004
0x21ad4 0xb32a2004
0x21ad8 0x1100011b
0x21adc 0xc4064002
0x21ae0 0x92022268
0x21ae4 0x94100014
0x21ae8 0xc6064016
0x21aec 0x4000817c
0x21af0 0x90008003
0x21af4 0x8605bffc
0x21af8 0x1100010a
0x21afc 0xc8064003
entry: tag: 0x434
0x21a00 0x932a6002
0x21a04 0x9402a001
0x21a08 0xd802401b
0x21a0c 0x91322008
0x21a10 0xd20abfff
0x21a14 0x144ffff7
0x21a18 0x901b0008
0x21a1c 0x921a0009
0x21a20 0x920a60ff
0x21a24 0x932a6002
0x21a28 0xd202401b
0x21a2c 0x91322008
0x21a30 0x921a4008
0x21a34 0x1080000d
0x21a38 0x5000109
0x21a68 0xc400a05c
0x21a6c 0x110001fb
0x21a70 0x700010a
0x21a74 0xd00222c0
0x21a78 0xd220e1e0
0x21a7c 0x80a0a000
entry: tag: 0x436
0x21b00 0xca022030
0x21b04 0x110001fb
0x21b08 0xd00222c0
0x21b0c 0x84010014
0x21b10 0xc4264003
0x21b14 0x80a16004
0x21b18 0xd2064016
0x21b1c 0xd023a07c
0x21b20 0x84024014
0x21b24 0x1440012a
0x21b28 0xc4264016
0x21b2c 0x11000250
0x21b30 0xc603a07c
0x21b34 0xc4022108
0x21b38 0x90022108
0x21b3c 0xc0222000
0x21b40 0x110001fb
0x21b44 0x8400c002
0x21b48 0xc42222c0
0x21b4c 0xa8102000
0x21b50 0xd003a05c
0x21b54 0x920e0008
0x21b58 0x10bffe18
0x21b5c 0xd003a06c
entry: tag: 0x841
0x420dc 0x3000054
0x420e0 0x33fcdc1
0x420e4 0x81c062a0
0x420e8 0x3000060
entry: tag: 0x1fe6e1b
0xff370d80 0xb7b3c900
0xff370d84 0xbbb00902
0xff370d88 0xbfb08904
0xff370d8c 0xe3be1e00
0xff370d90 0x10480259
0xff370d94 0xb0062040
entry: tag: 0x1fe6e1a
0xff370d00 0xb0062040
0xff370d04 0xa3b14907
0xff370d08 0xa7b1c909
0xff370d0c 0xabb2490b
0xff370d10 0xafb2c90d
0xff370d14 0xb3b3490f
0xff370d18 0xb7b3c900
0xff370d1c 0xbbb00902
0xff370d20 0xbfb08904
0xff370d24 0xc39dde00
0xff370d28 0xe3be1e00
0xff370d2c 0xae05e040
0xff370d30 0xb6a6e040
0xff370d34 0x240002f
0xff370d38 0xb0062040
0xff370d3c 0x304fffd6
0xff370d40 0xa3b50916
0xff370d44 0xa7b58918
0xff370d48 0xabb6091a
0xff370d4c 0xafb6891c
0xff370d50 0xb3b7091e
0xff370d54 0xb7b78901
0xff370d58 0xbbb04903
0xff370d5c 0xbfb0c905
0xff370d60 0xe3be1e00
0xff370d64 0xb0062040
0xff370d68 0x8143e040
0xff370d6c 0xa3b14907
0xff370d70 0xa7b1c909
0xff370d74 0xabb2490b
0xff370d78 0xafb2c90d
0xff370d7c 0xb3b3490f
entry: tag: 0x1fe6e19
0xff370c94 0xa3b10906
0xff370c98 0xa7b18908
0xff370c9c 0xabb2090a
0xff370ca0 0xafb2890c
0xff370ca4 0xb3b3090e
0xff370ca8 0xb7b38910
0xff370cac 0xbbb40912
0xff370cb0 0xbfb48914
0xff370cb4 0xc19dde00
0xff370cb8 0xe3be1e00
0xff370cbc 0xae05e040
0xff370cc0 0xb6a6e040
0xff370cc4 0x240001f
0xff370cc8 0xb0062040
0xff370ccc 0xa3b50916
0xff370cd0 0xa7b58918
0xff370cd4 0xabb6091a
0xff370cd8 0xafb6891c
0xff370cdc 0xb3b7091e
0xff370ce0 0xb7b78901
0xff370ce4 0xbbb04903
0xff370ce8 0xbfb0c905
0xff370cec 0xe19dde00
0xff370cf0 0xe3be1e00
0xff370cf4 0xae05e040
0xff370cf8 0xb6a6e040
0xff370cfc 0x2400027
entry: tag: 0x1fe6e11
0xff370880 0xa92da002
0xff370884 0x9e03c014
0xff370888 0x81c3e010
0xff37088c 0x1000000
0xff370894 0xc91de010
0xff370898 0xcd1de018
0xff37089c 0xd11de020
0xff3708a0 0xd51de028
0xff3708a4 0xd91de030
0xff3708a8 0xdd1de038
0xff3708ac 0xae05e040
0xff3708b0 0xe19dde00
0xff3708b4 0xae05e040
0xff3708b8 0xc39dde00
0xff3708bc 0xae05e040
0xff3708c0 0xb626e080
0xff3708c4 0x80a5a004
0xff3708c8 0x3680000e
0xff3708d0 0x80a5a002
0xff3708d4 0x36800007
0xff3708d8 0x1000000
0xff3708f0 0x228000e9
0xff3708f4 0x1000000
entry: tag: 0x1fe6e10
0xff370800 0x82006008
0xff370804 0xb6a6e008
0xff370808 0x91b00902
0xff37080c 0xd13e0000
0xff370810 0xb2066008
0xff370814 0x240000a
0xff370818 0xb0062008
0xff37081c 0xc1184000
0xff370820 0x82006008
0xff370824 0xb6a6e008
0xff370828 0x91b08900
0xff37082c 0xd13e0000
0xff370830 0xb2066008
0xff370834 0x1447fff2
0xff370838 0xb0062008
0xff37083c 0x8143e002
0xff370840 0xb626a040
0xff370844 0xb62ee03f
0xff370848 0xb826801b
0xff37084c 0xb82f2007
0xff370850 0xb8272010
0xff370854 0xb426801c
0xff370858 0xb426801b
0xff37085c 0xae2e603f
0xff370860 0x81b64300
0xff370864 0xab366003
0xff370868 0xac8d6007
0xff37086c 0xb206401c
0xff370870 0xb206401b
0xff370874 0x2248000e
0xff37087c 0x40000002
entry: tag: 0x1fe6e0f
0xff370780 0x82006008
0xff370784 0x9422a008
0xff370788 0x98a32008
0xff37078c 0x91b08900
0xff370790 0xd13a0000
0xff370794 0x92026008
0xff370798 0x1447fff0
0xff37079c 0x90022008
0xff3707a0 0x8090000a
0xff3707a4 0x22400008
0xff3707ac 0xd80a4000
0xff3707b0 0x92026001
0xff3707b4 0x90022001
0xff3707b8 0x94a2a001
0xff3707bc 0x144ffffc
0xff3707c0 0xd82a3fff
0xff3707c4 0x960ae004
0xff3707c8 0x8d82c000
0xff3707cc 0x81c3e008
0xff3707d0 0x9010000d
0xff3707d4 0x9de3bfa0
0xff3707d8 0xa7418000
0xff3707dc 0x8d802004
0xff3707e0 0x2400017
0xff3707e4 0xb626e040
0xff3707e8 0xb620001b
0xff3707ec 0xb426801b
0xff3707f0 0x83b64300
0xff3707f4 0xc1184000
0xff3707f8 0x82006008
0xff3707fc 0xc5184000
entry: tag: 0x1fe6e0e
0xff370700 0xd82a3fff
0xff370704 0x968a2007
0xff370708 0x248000a
0xff37070c 0x9622e008
0xff370710 0x9620000b
0xff370714 0x9422800b
0xff370718 0xd80a4000
0xff37071c 0x92026001
0xff370720 0x90022001
0xff370724 0x96a2e001
0xff370728 0x144ffffc
0xff37072c 0xd82a3fff
0xff370730 0x80a2a180
0xff370734 0x36480028
0xff370738 0x968a203f
0xff37073c 0x97418000
0xff370740 0x8d802004
0xff370744 0x982aa007
0xff370748 0x98232008
0xff37074c 0x83b24300
0xff370750 0xc1184000
0xff370754 0x82006008
0xff370758 0xc5184000
0xff37075c 0x82006008
0xff370760 0x9422a008
0xff370764 0x98a32008
0xff370768 0x91b00902
0xff37076c 0xd13a0000
0xff370770 0x92026008
0xff370774 0x240000b
0xff370778 0x90022008
0xff37077c 0xc1184000
entry: tag: 0x1fe6e0d
0xff3706a0 0x9a100008
0xff3706a4 0x80a2a020
0xff3706a8 0x3448000d
0xff3706ac 0x968a6007
0xff3706b0 0x8090000a
0xff3706b4 0x24400008
0xff3706bc 0xd80a4000
0xff3706c0 0x92026001
0xff3706c4 0x90022001
0xff3706c8 0x94a2a001
0xff3706cc 0x144ffffc
0xff3706d0 0xd82a3fff
0xff3706d4 0x81c3e008
0xff3706d8 0x9010000d
0xff3706dc 0x248000a
0xff3706e0 0x9622e008
0xff3706e4 0x9620000b
0xff3706e8 0x9422800b
0xff3706ec 0xd80a4000
0xff3706f0 0x92026001
0xff3706f4 0x90022001
0xff3706f8 0x96a2e001
0xff3706fc 0x144ffffc
entry: tag: 0x1fe6e32
0xff371900 0x8143e00a
0xff371904 0x81c7e008
0xff371908 0x91ef4000
entry: tag: 0x1fe6e31
0xff37189c 0xc51dc000
0xff3718a0 0xae05e008
0xff3718a4 0xb8a72008
0xff3718a8 0x91b00902
0xff3718ac 0xd13e0000
0xff3718b0 0x6400009
0xff3718b4 0xb0062008
0xff3718b8 0xc11dc000
0xff3718bc 0xae05e008
0xff3718c0 0xb8a72008
0xff3718c4 0x91b08900
0xff3718c8 0xd13e0000
0xff3718cc 0x164ffff4
0xff3718d0 0xb0062008
0xff3718d4 0x8090001a
0xff3718d8 0x2480008
0xff3718dc 0xa60ce004
0xff3718e0 0xf80e4000
0xff3718e4 0xb2066001
0xff3718e8 0xb0062001
0xff3718ec 0xb4a6a001
0xff3718f0 0x144ffffc
0xff3718f4 0xf82e3fff
0xff3718f8 0xa60ce004
0xff3718fc 0x8d84c000
entry: tag: 0x1fe6e2e
0xff371700 0xe33e0000
0xff371704 0xb0062008
0xff371708 0xb8a72008
0xff37170c 0x6400072
0xff371710 0xa3b18908
0xff371714 0xe33e0000
0xff371718 0xb0062008
0xff37171c 0xb8a72008
0xff371720 0x640006d
0xff371724 0xa3b2090a
0xff371728 0xe33e0000
0xff37172c 0xb0062008
0xff371730 0xb8a72008
0xff371734 0x6400068
0xff371738 0xa3b2890c
0xff37173c 0xe33e0000
0xff371740 0xb0062008
0xff371744 0xb8a72008
0xff371748 0x6400063
0xff37174c 0xa3b3090e
0xff371750 0xe33e0000
0xff371754 0xb0062008
0xff371758 0xb8a72008
0xff37175c 0x640005e
0xff371760 0x81b38e80
0xff371764 0x3048004e
entry: tag: 0x1fe6e2d
0xff3716f4 0xb8a72008
0xff3716f8 0x6400077
0xff3716fc 0xa3b10906
Total count: 679. Recorded Stats: 679
high fidelity architecture code uninstalled.
