sim-simics-api: V 0.5: initializing simics API simulator
i7 cwp 0 reg 31 = 143
i6 cwp 0 reg 30 = 142
i5 cwp 0 reg 29 = 141
i4 cwp 0 reg 28 = 140
i3 cwp 0 reg 27 = 139
i2 cwp 0 reg 26 = 138
i1 cwp 0 reg 25 = 137
i0 cwp 0 reg 24 = 136
l7 cwp 0 reg 23 = 135
l6 cwp 0 reg 22 = 134
l5 cwp 0 reg 21 = 133
l4 cwp 0 reg 20 = 132
l3 cwp 0 reg 19 = 131
l2 cwp 0 reg 18 = 130
l1 cwp 0 reg 17 = 129
l0 cwp 0 reg 16 = 128
o7 cwp 0 reg 15 = 127
o6 cwp 0 reg 14 = 126
o5 cwp 0 reg 13 = 125
o4 cwp 0 reg 12 = 124
o3 cwp 0 reg 11 = 123
o2 cwp 0 reg 10 = 122
o1 cwp 0 reg 09 = 121
o0 cwp 0 reg 08 = 120
i7 cwp 1 reg 31 = 127
i6 cwp 1 reg 30 = 126
i5 cwp 1 reg 29 = 125
i4 cwp 1 reg 28 = 124
i3 cwp 1 reg 27 = 123
i2 cwp 1 reg 26 = 122
i1 cwp 1 reg 25 = 121
i0 cwp 1 reg 24 = 120
l7 cwp 1 reg 23 = 119
l6 cwp 1 reg 22 = 118
l5 cwp 1 reg 21 = 117
l4 cwp 1 reg 20 = 116
l3 cwp 1 reg 19 = 115
l2 cwp 1 reg 18 = 114
l1 cwp 1 reg 17 = 113
l0 cwp 1 reg 16 = 112
o7 cwp 1 reg 15 = 111
o6 cwp 1 reg 14 = 110
o5 cwp 1 reg 13 = 109
o4 cwp 1 reg 12 = 108
o3 cwp 1 reg 11 = 107
o2 cwp 1 reg 10 = 106
o1 cwp 1 reg 09 = 105
o0 cwp 1 reg 08 = 104
i7 cwp 2 reg 31 = 111
i6 cwp 2 reg 30 = 110
i5 cwp 2 reg 29 = 109
i4 cwp 2 reg 28 = 108
i3 cwp 2 reg 27 = 107
i2 cwp 2 reg 26 = 106
i1 cwp 2 reg 25 = 105
i0 cwp 2 reg 24 = 104
l7 cwp 2 reg 23 = 103
l6 cwp 2 reg 22 = 102
l5 cwp 2 reg 21 = 101
l4 cwp 2 reg 20 = 100
l3 cwp 2 reg 19 = 99
l2 cwp 2 reg 18 = 98
l1 cwp 2 reg 17 = 97
l0 cwp 2 reg 16 = 96
o7 cwp 2 reg 15 = 95
o6 cwp 2 reg 14 = 94
o5 cwp 2 reg 13 = 93
o4 cwp 2 reg 12 = 92
o3 cwp 2 reg 11 = 91
o2 cwp 2 reg 10 = 90
o1 cwp 2 reg 09 = 89
o0 cwp 2 reg 08 = 88
i7 cwp 3 reg 31 = 95
i6 cwp 3 reg 30 = 94
i5 cwp 3 reg 29 = 93
i4 cwp 3 reg 28 = 92
i3 cwp 3 reg 27 = 91
i2 cwp 3 reg 26 = 90
i1 cwp 3 reg 25 = 89
i0 cwp 3 reg 24 = 88
l7 cwp 3 reg 23 = 87
l6 cwp 3 reg 22 = 86
l5 cwp 3 reg 21 = 85
l4 cwp 3 reg 20 = 84
l3 cwp 3 reg 19 = 83
l2 cwp 3 reg 18 = 82
l1 cwp 3 reg 17 = 81
l0 cwp 3 reg 16 = 80
o7 cwp 3 reg 15 = 79
o6 cwp 3 reg 14 = 78
o5 cwp 3 reg 13 = 77
o4 cwp 3 reg 12 = 76
o3 cwp 3 reg 11 = 75
o2 cwp 3 reg 10 = 74
o1 cwp 3 reg 09 = 73
o0 cwp 3 reg 08 = 72
i7 cwp 4 reg 31 = 79
i6 cwp 4 reg 30 = 78
i5 cwp 4 reg 29 = 77
i4 cwp 4 reg 28 = 76
i3 cwp 4 reg 27 = 75
i2 cwp 4 reg 26 = 74
i1 cwp 4 reg 25 = 73
i0 cwp 4 reg 24 = 72
l7 cwp 4 reg 23 = 71
l6 cwp 4 reg 22 = 70
l5 cwp 4 reg 21 = 69
l4 cwp 4 reg 20 = 68
l3 cwp 4 reg 19 = 67
l2 cwp 4 reg 18 = 66
l1 cwp 4 reg 17 = 65
l0 cwp 4 reg 16 = 64
o7 cwp 4 reg 15 = 63
o6 cwp 4 reg 14 = 62
o5 cwp 4 reg 13 = 61
o4 cwp 4 reg 12 = 60
o3 cwp 4 reg 11 = 59
o2 cwp 4 reg 10 = 58
o1 cwp 4 reg 09 = 57
o0 cwp 4 reg 08 = 56
i7 cwp 5 reg 31 = 63
i6 cwp 5 reg 30 = 62
i5 cwp 5 reg 29 = 61
i4 cwp 5 reg 28 = 60
i3 cwp 5 reg 27 = 59
i2 cwp 5 reg 26 = 58
i1 cwp 5 reg 25 = 57
i0 cwp 5 reg 24 = 56
l7 cwp 5 reg 23 = 55
l6 cwp 5 reg 22 = 54
l5 cwp 5 reg 21 = 53
l4 cwp 5 reg 20 = 52
l3 cwp 5 reg 19 = 51
l2 cwp 5 reg 18 = 50
l1 cwp 5 reg 17 = 49
l0 cwp 5 reg 16 = 48
o7 cwp 5 reg 15 = 47
o6 cwp 5 reg 14 = 46
o5 cwp 5 reg 13 = 45
o4 cwp 5 reg 12 = 44
o3 cwp 5 reg 11 = 43
o2 cwp 5 reg 10 = 42
o1 cwp 5 reg 09 = 41
o0 cwp 5 reg 08 = 40
i7 cwp 6 reg 31 = 47
i6 cwp 6 reg 30 = 46
i5 cwp 6 reg 29 = 45
i4 cwp 6 reg 28 = 44
i3 cwp 6 reg 27 = 43
i2 cwp 6 reg 26 = 42
i1 cwp 6 reg 25 = 41
i0 cwp 6 reg 24 = 40
l7 cwp 6 reg 23 = 39
l6 cwp 6 reg 22 = 38
l5 cwp 6 reg 21 = 37
l4 cwp 6 reg 20 = 36
l3 cwp 6 reg 19 = 35
l2 cwp 6 reg 18 = 34
l1 cwp 6 reg 17 = 33
l0 cwp 6 reg 16 = 32
o7 cwp 6 reg 15 = 31
o6 cwp 6 reg 14 = 30
o5 cwp 6 reg 13 = 29
o4 cwp 6 reg 12 = 28
o3 cwp 6 reg 11 = 27
o2 cwp 6 reg 10 = 26
o1 cwp 6 reg 09 = 25
o0 cwp 6 reg 08 = 24
i7 cwp 7 reg 31 = 31
i6 cwp 7 reg 30 = 30
i5 cwp 7 reg 29 = 29
i4 cwp 7 reg 28 = 28
i3 cwp 7 reg 27 = 27
i2 cwp 7 reg 26 = 26
i1 cwp 7 reg 25 = 25
i0 cwp 7 reg 24 = 24
l7 cwp 7 reg 23 = 23
l6 cwp 7 reg 22 = 22
l5 cwp 7 reg 21 = 21
l4 cwp 7 reg 20 = 20
l3 cwp 7 reg 19 = 19
l2 cwp 7 reg 18 = 18
l1 cwp 7 reg 17 = 17
l0 cwp 7 reg 16 = 16
o7 cwp 7 reg 15 = 143
o6 cwp 7 reg 14 = 142
o5 cwp 7 reg 13 = 141
o4 cwp 7 reg 12 = 140
o3 cwp 7 reg 11 = 139
o2 cwp 7 reg 10 = 138
o1 cwp 7 reg 09 = 137
o0 cwp 7 reg 08 = 136
